
 RUN  v2.1.9 /Users/theshow/work/rust/project/raccoon_node/data/projects/project-1782356132910/worktrees/branch-merge-1

 ✓ tests/racingEffects.test.js (25 tests) 3ms
 ✓ tests/racingEngine.test.js (7 tests) 4ms
 ✓ tests/airplaneGame.test.js (37 tests) 4ms
 ✓ tests/highlight.test.js (69 tests) 8ms
 ✓ tests/racingRoad.test.js (67 tests) 17ms
 ✓ tests/Window.test.js (6 tests) 21ms

 Test Files  6 passed (6)
      Tests  211 passed (211)
   Start at  12:04:47
   Duration  830ms (transform 303ms, setup 0ms, collect 427ms, tests 56ms, environment 278ms, prepare 266ms)

